// Jest Snapshot v1, https://goo.gl/fbAQLP

exports[`ErrorIndicator Component ErrorIndicator should render 1`] = `
<div
  class="error"
>
  <h3
    class="error--header"
  >
    Возникла ошибка
  </h3>
  <img
    alt="error-alert"
    class="error--image"
    src="error-img.png"
    title="error"
  />
  <p
    class="error--message"
  >
    Error text
  </p>
</div>
`;
